Release 14.6 - xst P.68d (nt64)
Copyright (c) 1995-2013 Xilinx, Inc.  All rights reserved.
--> Parameter TMPDIR set to xst/projnav.tmp


Total REAL time to Xst completion: 0.00 secs
Total CPU time to Xst completion: 0.19 secs
 
--> Parameter xsthdpdir set to xst


Total REAL time to Xst completion: 0.00 secs
Total CPU time to Xst completion: 0.19 secs
 
--> Reading design: turn_on_test.prj

TABLE OF CONTENTS
  1) Synthesis Options Summary
  2) HDL Parsing
  3) HDL Elaboration
  4) HDL Synthesis
       4.1) HDL Synthesis Report
  5) Advanced HDL Synthesis
       5.1) Advanced HDL Synthesis Report
  6) Low Level Synthesis
  7) Partition Report
  8) Design Summary
       8.1) Primitive and Black Box Usage
       8.2) Device utilization summary
       8.3) Partition Resource Summary
       8.4) Timing Report
            8.4.1) Clock Information
            8.4.2) Asynchronous Control Signals Information
            8.4.3) Timing Summary
            8.4.4) Timing Details
            8.4.5) Cross Clock Domains Report


=========================================================================
*                      Synthesis Options Summary                        *
=========================================================================
---- Source Parameters
Input File Name                    : "turn_on_test.prj"
Ignore Synthesis Constraint File   : NO

---- Target Parameters
Output File Name                   : "turn_on_test"
Output Format                      : NGC
Target Device                      : xc6slx16-3-csg324

---- Source Options
Top Module Name                    : turn_on_test
Automatic FSM Extraction           : YES
FSM Encoding Algorithm             : Auto
Safe Implementation                : No
FSM Style                          : LUT
RAM Extraction                     : Yes
RAM Style                          : Auto
ROM Extraction                     : Yes
Shift Register Extraction          : YES
ROM Style                          : Auto
Resource Sharing                   : YES
Asynchronous To Synchronous        : NO
Shift Register Minimum Size        : 2
Use DSP Block                      : Auto
Automatic Register Balancing       : No

---- Target Options
LUT Combining                      : Auto
Reduce Control Sets                : Auto
Add IO Buffers                     : YES
Global Maximum Fanout              : 100000
Add Generic Clock Buffer(BUFG)     : 16
Register Duplication               : YES
Optimize Instantiated Primitives   : NO
Use Clock Enable                   : Auto
Use Synchronous Set                : Auto
Use Synchronous Reset              : Auto
Pack IO Registers into IOBs        : Auto
Equivalent register Removal        : YES

---- General Options
Optimization Goal                  : Speed
Optimization Effort                : 1
Power Reduction                    : NO
Keep Hierarchy                     : No
Netlist Hierarchy                  : As_Optimized
RTL Output                         : Yes
Global Optimization                : AllClockNets
Read Cores                         : YES
Write Timing Constraints           : NO
Cross Clock Analysis               : NO
Hierarchy Separator                : /
Bus Delimiter                      : <>
Case Specifier                     : Maintain
Slice Utilization Ratio            : 100
BRAM Utilization Ratio             : 100
DSP48 Utilization Ratio            : 100
Auto BRAM Packing                  : NO
Slice Utilization Ratio Delta      : 5

=========================================================================


=========================================================================
*                          HDL Parsing                                  *
=========================================================================
Analyzing Verilog file "E:\CS M152A\lab4\turn_on_test.v" into library work
Parsing module <turn_on_test>.

=========================================================================
*                            HDL Elaboration                            *
=========================================================================

Elaborating module <turn_on_test>.
WARNING:HDLCompiler:872 - "E:\CS M152A\lab4\turn_on_test.v" Line 108: Using initial value of on1 since it is never assigned
WARNING:HDLCompiler:872 - "E:\CS M152A\lab4\turn_on_test.v" Line 109: Using initial value of on2 since it is never assigned
WARNING:HDLCompiler:872 - "E:\CS M152A\lab4\turn_on_test.v" Line 110: Using initial value of on3 since it is never assigned
WARNING:HDLCompiler:872 - "E:\CS M152A\lab4\turn_on_test.v" Line 111: Using initial value of on4 since it is never assigned
WARNING:HDLCompiler:872 - "E:\CS M152A\lab4\turn_on_test.v" Line 112: Using initial value of on5 since it is never assigned
WARNING:HDLCompiler:872 - "E:\CS M152A\lab4\turn_on_test.v" Line 113: Using initial value of on6 since it is never assigned
WARNING:HDLCompiler:872 - "E:\CS M152A\lab4\turn_on_test.v" Line 114: Using initial value of on7 since it is never assigned
WARNING:HDLCompiler:872 - "E:\CS M152A\lab4\turn_on_test.v" Line 115: Using initial value of on8 since it is never assigned
WARNING:HDLCompiler:413 - "E:\CS M152A\lab4\turn_on_test.v" Line 184: Result of 7-bit expression is truncated to fit in 1-bit target.
WARNING:HDLCompiler:413 - "E:\CS M152A\lab4\turn_on_test.v" Line 185: Result of 8-bit expression is truncated to fit in 1-bit target.
WARNING:HDLCompiler:413 - "E:\CS M152A\lab4\turn_on_test.v" Line 186: Result of 8-bit expression is truncated to fit in 1-bit target.
WARNING:HDLCompiler:413 - "E:\CS M152A\lab4\turn_on_test.v" Line 187: Result of 8-bit expression is truncated to fit in 1-bit target.
WARNING:HDLCompiler:413 - "E:\CS M152A\lab4\turn_on_test.v" Line 188: Result of 8-bit expression is truncated to fit in 1-bit target.
WARNING:HDLCompiler:413 - "E:\CS M152A\lab4\turn_on_test.v" Line 189: Result of 8-bit expression is truncated to fit in 1-bit target.
WARNING:HDLCompiler:413 - "E:\CS M152A\lab4\turn_on_test.v" Line 190: Result of 8-bit expression is truncated to fit in 1-bit target.
WARNING:HDLCompiler:413 - "E:\CS M152A\lab4\turn_on_test.v" Line 191: Result of 8-bit expression is truncated to fit in 1-bit target.
WARNING:HDLCompiler:413 - "E:\CS M152A\lab4\turn_on_test.v" Line 192: Result of 8-bit expression is truncated to fit in 1-bit target.
WARNING:HDLCompiler:413 - "E:\CS M152A\lab4\turn_on_test.v" Line 198: Result of 5-bit expression is truncated to fit in 4-bit target.
WARNING:HDLCompiler:413 - "E:\CS M152A\lab4\turn_on_test.v" Line 203: Result of 5-bit expression is truncated to fit in 4-bit target.
WARNING:HDLCompiler:413 - "E:\CS M152A\lab4\turn_on_test.v" Line 211: Result of 5-bit expression is truncated to fit in 4-bit target.
WARNING:HDLCompiler:413 - "E:\CS M152A\lab4\turn_on_test.v" Line 216: Result of 5-bit expression is truncated to fit in 4-bit target.
WARNING:HDLCompiler:413 - "E:\CS M152A\lab4\turn_on_test.v" Line 221: Result of 5-bit expression is truncated to fit in 4-bit target.
WARNING:HDLCompiler:413 - "E:\CS M152A\lab4\turn_on_test.v" Line 226: Result of 5-bit expression is truncated to fit in 4-bit target.
WARNING:HDLCompiler:413 - "E:\CS M152A\lab4\turn_on_test.v" Line 231: Result of 5-bit expression is truncated to fit in 4-bit target.

=========================================================================
*                           HDL Synthesis                               *
=========================================================================

Synthesizing Unit <turn_on_test>.
    Related source file is "E:\CS M152A\lab4\turn_on_test.v".
WARNING:Xst:647 - Input <reset_state> is never used. This port will be preserved and left unconnected if it belongs to a top-level block or it belongs to a sub-block and the hierarchy of this sub-block is preserved.
    Found 1-bit register for signal <segment_output>.
    Found 8-bit register for signal <JA>.
    Found 8-bit register for signal <JB>.
    Found 4-bit register for signal <level_row>.
    Found 32-bit register for signal <segment_counter>.
    Found 32-bit adder for signal <segment_counter[31]_GND_1_o_add_2_OUT> created at line 160.
    Found 4-bit adder for signal <level_row[3]_GND_1_o_add_29_OUT> created at line 231.
    Found 8x8-bit Read Only RAM for signal <_n0118>
    Summary:
	inferred   1 RAM(s).
	inferred   2 Adder/Subtractor(s).
	inferred  53 D-type flip-flop(s).
	inferred   1 Multiplexer(s).
Unit <turn_on_test> synthesized.

=========================================================================
HDL Synthesis Report

Macro Statistics
# RAMs                                                 : 1
 8x8-bit single-port Read Only RAM                     : 1
# Adders/Subtractors                                   : 2
 32-bit adder                                          : 1
 4-bit adder                                           : 1
# Registers                                            : 5
 1-bit register                                        : 1
 32-bit register                                       : 1
 4-bit register                                        : 1
 8-bit register                                        : 2
# Multiplexers                                         : 1
 4-bit 2-to-1 multiplexer                              : 1

=========================================================================

=========================================================================
*                       Advanced HDL Synthesis                          *
=========================================================================

WARNING:Xst:1710 - FF/Latch <JB_1> (without init value) has a constant value of 0 in block <turn_on_test>. This FF/Latch will be trimmed during the optimization process.
WARNING:Xst:1710 - FF/Latch <JB_2> (without init value) has a constant value of 0 in block <turn_on_test>. This FF/Latch will be trimmed during the optimization process.
WARNING:Xst:1710 - FF/Latch <JB_3> (without init value) has a constant value of 0 in block <turn_on_test>. This FF/Latch will be trimmed during the optimization process.
WARNING:Xst:1710 - FF/Latch <JB_4> (without init value) has a constant value of 0 in block <turn_on_test>. This FF/Latch will be trimmed during the optimization process.
WARNING:Xst:1710 - FF/Latch <JB_5> (without init value) has a constant value of 0 in block <turn_on_test>. This FF/Latch will be trimmed during the optimization process.
WARNING:Xst:1710 - FF/Latch <JB_6> (without init value) has a constant value of 0 in block <turn_on_test>. This FF/Latch will be trimmed during the optimization process.
WARNING:Xst:1710 - FF/Latch <JB_7> (without init value) has a constant value of 0 in block <turn_on_test>. This FF/Latch will be trimmed during the optimization process.
WARNING:Xst:2404 -  FFs/Latches <JB<7:1>> (without init value) have a constant value of 0 in block <turn_on_test>.

Synthesizing (advanced) Unit <turn_on_test>.
The following registers are absorbed into counter <segment_counter>: 1 register on signal <segment_counter>.
The following registers are absorbed into counter <level_row>: 1 register on signal <level_row>.
INFO:Xst:3231 - The small RAM <Mram__n0118> will be implemented on LUTs in order to maximize performance and save block RAM resources. If you want to force its implementation on block, use option/constraint ram_style.
    -----------------------------------------------------------------------
    | ram_type           | Distributed                         |          |
    -----------------------------------------------------------------------
    | Port A                                                              |
    |     aspect ratio   | 8-word x 8-bit                      |          |
    |     weA            | connected to signal <GND>           | high     |
    |     addrA          | connected to signal <level_row<2:0>> |          |
    |     diA            | connected to signal <GND>           |          |
    |     doA            | connected to internal node          |          |
    -----------------------------------------------------------------------
Unit <turn_on_test> synthesized (advanced).

=========================================================================
Advanced HDL Synthesis Report

Macro Statistics
# RAMs                                                 : 1
 8x8-bit single-port distributed Read Only RAM         : 1
# Counters                                             : 2
 32-bit up counter                                     : 1
 4-bit up counter                                      : 1
# Registers                                            : 10
 Flip-Flops                                            : 10

=========================================================================

=========================================================================
*                         Low Level Synthesis                           *
=========================================================================

Optimizing unit <turn_on_test> ...
WARNING:Xst:1293 - FF/Latch <level_row_3> has a constant value of 0 in block <turn_on_test>. This FF/Latch will be trimmed during the optimization process.

Mapping all equations...
Building and optimizing final netlist ...
Found area constraint ratio of 100 (+ 5) on block turn_on_test, actual ratio is 0.

Final Macro Processing ...

=========================================================================
Final Register Report

Macro Statistics
# Registers                                            : 45
 Flip-Flops                                            : 45

=========================================================================

=========================================================================
*                           Partition Report                            *
=========================================================================

Partition Implementation Status
-------------------------------

  No Partitions were found in this design.

-------------------------------

=========================================================================
*                            Design Summary                             *
=========================================================================

Top Level Output File Name         : turn_on_test.ngc

Primitive and Black Box Usage:
------------------------------
# BELS                             : 151
#      GND                         : 1
#      INV                         : 2
#      LUT1                        : 31
#      LUT2                        : 34
#      LUT3                        : 11
#      LUT6                        : 8
#      MUXCY                       : 31
#      VCC                         : 1
#      XORCY                       : 32
# FlipFlops/Latches                : 45
#      FD                          : 33
#      FDE                         : 9
#      FDR                         : 3
# Clock Buffers                    : 1
#      BUFGP                       : 1
# IO Buffers                       : 16
#      OBUF                        : 16

Device utilization summary:
---------------------------

Selected Device : 6slx16csg324-3 


Slice Logic Utilization: 
 Number of Slice Registers:              45  out of  18224     0%  
 Number of Slice LUTs:                   86  out of   9112     0%  
    Number used as Logic:                86  out of   9112     0%  

Slice Logic Distribution: 
 Number of LUT Flip Flop pairs used:     86
   Number with an unused Flip Flop:      41  out of     86    47%  
   Number with an unused LUT:             0  out of     86     0%  
   Number of fully used LUT-FF pairs:    45  out of     86    52%  
   Number of unique control sets:         3

IO Utilization: 
 Number of IOs:                          18
 Number of bonded IOBs:                  17  out of    232     7%  

Specific Feature Utilization:
 Number of BUFG/BUFGCTRLs:                1  out of     16     6%  

---------------------------
Partition Resource Summary:
---------------------------

  No Partitions were found in this design.

---------------------------


=========================================================================
Timing Report

NOTE: THESE TIMING NUMBERS ARE ONLY A SYNTHESIS ESTIMATE.
      FOR ACCURATE TIMING INFORMATION PLEASE REFER TO THE TRACE REPORT
      GENERATED AFTER PLACE-and-ROUTE.

Clock Information:
------------------
-----------------------------------+------------------------+-------+
Clock Signal                       | Clock buffer(FF name)  | Load  |
-----------------------------------+------------------------+-------+
segment_output                     | NONE(JB)               | 12    |
clk                                | BUFGP                  | 33    |
-----------------------------------+------------------------+-------+
INFO:Xst:2169 - HDL ADVISOR - Some clock signals were not automatically buffered by XST with BUFG/BUFR resources. Please use the buffer_type constraint in order to insert these buffers to the clock signals to help prevent skew problems.

Asynchronous Control Signals Information:
----------------------------------------
No asynchronous control signals found in this design

Timing Summary:
---------------
Speed Grade: -3

   Minimum period: 4.164ns (Maximum Frequency: 240.136MHz)
   Minimum input arrival time before clock: No path found
   Maximum output required time after clock: 3.597ns
   Maximum combinational path delay: No path found

Timing Details:
---------------
All values displayed in nanoseconds (ns)

=========================================================================
Timing constraint: Default period analysis for Clock 'segment_output'
  Clock period: 2.242ns (frequency: 446.100MHz)
  Total number of paths / destination ports: 33 / 12
-------------------------------------------------------------------------
Delay:               2.242ns (Levels of Logic = 1)
  Source:            level_row_0 (FF)
  Destination:       level_row_0 (FF)
  Source Clock:      segment_output rising
  Destination Clock: segment_output rising

  Data Path: level_row_0 to level_row_0
                                Gate     Net
    Cell:in->out      fanout   Delay   Delay  Logical Name (Net Name)
    ----------------------------------------  ------------
     FDR:C->Q             12   0.447   0.908  level_row_0 (level_row_0)
     INV:I->O              1   0.206   0.579  Mcount_level_row_xor<0>11_INV_0 (Mcount_level_row)
     FDR:D                     0.102          level_row_0
    ----------------------------------------
    Total                      2.242ns (0.755ns logic, 1.487ns route)
                                       (33.7% logic, 66.3% route)

=========================================================================
Timing constraint: Default period analysis for Clock 'clk'
  Clock period: 4.164ns (frequency: 240.136MHz)
  Total number of paths / destination ports: 1586 / 33
-------------------------------------------------------------------------
Delay:               4.164ns (Levels of Logic = 3)
  Source:            segment_counter_25 (FF)
  Destination:       segment_counter_0 (FF)
  Source Clock:      clk rising
  Destination Clock: clk rising

  Data Path: segment_counter_25 to segment_counter_0
                                Gate     Net
    Cell:in->out      fanout   Delay   Delay  Logical Name (Net Name)
    ----------------------------------------  ------------
     FD:C->Q               2   0.447   0.981  segment_counter_25 (segment_counter_25)
     LUT6:I0->O            3   0.203   0.995  segment_counter[31]_GND_1_o_equal_2_o<31>5 (segment_counter[31]_GND_1_o_equal_2_o<31>4)
     LUT6:I1->O           17   0.203   1.028  segment_counter[31]_GND_1_o_equal_2_o<31>7 (segment_counter[31]_GND_1_o_equal_2_o)
     LUT2:I1->O            1   0.205   0.000  segment_counter_0_rstpot (segment_counter_0_rstpot)
     FD:D                      0.102          segment_counter_0
    ----------------------------------------
    Total                      4.164ns (1.160ns logic, 3.004ns route)
                                       (27.9% logic, 72.1% route)

=========================================================================
Timing constraint: Default OFFSET OUT AFTER for Clock 'segment_output'
  Total number of paths / destination ports: 9 / 9
-------------------------------------------------------------------------
Offset:              3.597ns (Levels of Logic = 1)
  Source:            JA_7 (FF)
  Destination:       JA<7> (PAD)
  Source Clock:      segment_output rising

  Data Path: JA_7 to JA<7>
                                Gate     Net
    Cell:in->out      fanout   Delay   Delay  Logical Name (Net Name)
    ----------------------------------------  ------------
     FDE:C->Q              1   0.447   0.579  JA_7 (JA_7)
     OBUF:I->O                 2.571          JA_7_OBUF (JA<7>)
    ----------------------------------------
    Total                      3.597ns (3.018ns logic, 0.579ns route)
                                       (83.9% logic, 16.1% route)

=========================================================================

Cross Clock Domains Report:
--------------------------

Clock to Setup on destination clock clk
---------------+---------+---------+---------+---------+
               | Src:Rise| Src:Fall| Src:Rise| Src:Fall|
Source Clock   |Dest:Rise|Dest:Rise|Dest:Fall|Dest:Fall|
---------------+---------+---------+---------+---------+
clk            |    4.164|         |         |         |
---------------+---------+---------+---------+---------+

Clock to Setup on destination clock segment_output
---------------+---------+---------+---------+---------+
               | Src:Rise| Src:Fall| Src:Rise| Src:Fall|
Source Clock   |Dest:Rise|Dest:Rise|Dest:Fall|Dest:Fall|
---------------+---------+---------+---------+---------+
segment_output |    2.242|         |         |         |
---------------+---------+---------+---------+---------+

=========================================================================


Total REAL time to Xst completion: 8.00 secs
Total CPU time to Xst completion: 7.99 secs
 
--> 

Total memory usage is 256528 kilobytes

Number of errors   :    0 (   0 filtered)
Number of warnings :   34 (   0 filtered)
Number of infos    :    2 (   0 filtered)

